
> lets-assist@1.0 test:run
> vitest run


[1m[46m RUN [49m[22m [36mv4.0.18 [39m[90m/Users/riddhiman.rana/Desktop/Coding/lets-assist[39m

 [32m✓[39m lib/waiver/validate-waiver-payload.test.ts [2m([22m[2m11 tests[22m[2m)[22m[32m 3[2mms[22m[39m
 [32m✓[39m tests/integration/waiver-flow.test.ts [2m([22m[2m9 tests[22m[2m)[22m[32m 4[2mms[22m[39m
 [32m✓[39m lib/waiver/generate-signed-waiver-pdf.test.ts [2m([22m[2m8 tests[22m[2m)[22m[32m 32[2mms[22m[39m

[2m Test Files [22m [1m[32m3 passed[39m[22m[90m (3)[39m
[2m      Tests [22m [1m[32m28 passed[39m[22m[90m (28)[39m
[2m   Start at [22m 11:44:27
[2m   Duration [22m 574ms[2m (transform 175ms, setup 262ms, import 144ms, tests 38ms, environment 761ms)[22m

